../Core/Src/hx711.c:17:6:hx711_Init	48	static
../Core/Src/hx711.c:38:9:hx711_IsReady	8	static
../Core/Src/hx711.c:44:6:waitReady	8	static
../Core/Src/hx711.c:52:6:setScale	16	static
../Core/Src/hx711.c:58:6:setGain	16	static
../Core/Src/hx711.c:66:6:setOffset	16	static
../Core/Src/hx711.c:72:9:shiftIn	24	static
../Core/Src/hx711.c:92:6:read	32	static,ignoring_inline_asm
../Core/Src/hx711.c:136:6:readAverage	24	static
../Core/Src/hx711.c:148:8:getValue	24	static
../Core/Src/hx711.c:159:6:tare	24	static
../Core/Src/hx711.c:166:6:tareAll	16	static
../Core/Src/hx711.c:173:7:getWeight	32	static
