../Core/Src/main.c:67:5:sendUsart2Message	24	static
../Core/Src/main.c:76:5:readHumidity	32	static
../Core/Src/main.c:115:6:initWeight	136	static
../Core/Src/main.c:137:7:measureWeight	144	static
../Core/Src/main.c:167:5:main	208	static
../Core/Src/main.c:245:6:SystemClock_Config	96	static
../Core/Src/main.c:306:13:MX_ADC1_Init	32	static
../Core/Src/main.c:364:13:MX_USART2_UART_Init	8	static
../Core/Src/main.c:399:13:MX_GPIO_Init	40	static
../Core/Src/main.c:450:6:Error_Handler	4	static,ignoring_inline_asm
